2026-09-26 12:18:01.912 UTC [157621] LOG:  starting PostgreSQL 18.6 (Ubuntu 18.6-0ubuntu0.26.04.1) on x86_64-pc-linux-gnu, compiled by gcc (Ubuntu 15.2.0-16ubuntu1) 15.2.0, 64-bit
2026-09-26 12:18:01.912 UTC [157621] LOG:  listening on Unix socket "/tmp/pin-packed-recovery.n2pQmADZ/socket/.s.PGSQL.55507"
2026-09-26 12:18:01.915 UTC [157627] LOG:  database system was shut down at 2026-09-26 12:18:01 UTC
2026-09-26 12:18:01.917 UTC [157621] LOG:  database system is ready to accept connections
2026-09-26 12:18:02.214 UTC [157621] LOG:  received immediate shutdown request
2026-09-26 12:18:02.218 UTC [157621] LOG:  database system is shut down
2026-09-26 12:18:02.348 UTC [157642] LOG:  starting PostgreSQL 18.6 (Ubuntu 18.6-0ubuntu0.26.04.1) on x86_64-pc-linux-gnu, compiled by gcc (Ubuntu 15.2.0-16ubuntu1) 15.2.0, 64-bit
2026-09-26 12:18:02.348 UTC [157642] LOG:  listening on Unix socket "/tmp/pin-packed-recovery.n2pQmADZ/socket/.s.PGSQL.55507"
2026-09-26 12:18:02.350 UTC [157648] LOG:  database system was interrupted; last known up at 2026-09-26 12:18:01 UTC
2026-09-26 12:18:02.355 UTC [157648] LOG:  database system was not properly shut down; automatic recovery in progress
2026-09-26 12:18:02.355 UTC [157648] LOG:  redo starts at 0/1765D98
2026-09-26 12:18:02.367 UTC [157648] LOG:  invalid record length at 0/1DC7888: expected at least 24, got 0
2026-09-26 12:18:02.367 UTC [157648] LOG:  redo done at 0/1DC7860 system usage: CPU: user: 0.00 s, system: 0.00 s, elapsed: 0.01 s
2026-09-26 12:18:02.374 UTC [157646] LOG:  checkpoint starting: end-of-recovery immediate wait
2026-09-26 12:18:02.376 UTC [157646] LOG:  checkpoint complete: wrote 161 buffers (1.0%), wrote 3 SLRU buffers; 0 WAL file(s) added, 0 removed, 0 recycled; write=0.002 s, sync=0.001 s, total=0.002 s; sync files=77, longest=0.001 s, average=0.000 s; distance=6534 kB, estimate=6534 kB; lsn=0/1DC7888, redo lsn=0/1DC7888
2026-09-26 12:18:02.378 UTC [157642] LOG:  database system is ready to accept connections
2026-09-26 12:18:02.461 UTC [157646] LOG:  checkpoint starting: immediate force wait
2026-09-26 12:18:02.461 UTC [157646] LOG:  checkpoint complete: wrote 30 buffers (0.2%), wrote 1 SLRU buffers; 0 WAL file(s) added, 0 removed, 0 recycled; write=0.001 s, sync=0.001 s, total=0.001 s; sync files=15, longest=0.001 s, average=0.000 s; distance=176 kB, estimate=5899 kB; lsn=0/1DF3C88, redo lsn=0/1DF3C30
2026-09-26 12:18:02.501 UTC [157642] LOG:  received fast shutdown request
2026-09-26 12:18:02.501 UTC [157642] LOG:  aborting any active transactions
2026-09-26 12:18:02.503 UTC [157642] LOG:  background worker "logical replication launcher" (PID 157650) exited with exit code 1
2026-09-26 12:18:02.505 UTC [157646] LOG:  shutting down
2026-09-26 12:18:02.505 UTC [157646] LOG:  checkpoint starting: shutdown immediate
2026-09-26 12:18:02.506 UTC [157646] LOG:  checkpoint complete: wrote 0 buffers (0.0%), wrote 0 SLRU buffers; 0 WAL file(s) added, 0 removed, 0 recycled; write=0.001 s, sync=0.001 s, total=0.001 s; sync files=0, longest=0.000 s, average=0.000 s; distance=0 kB, estimate=5309 kB; lsn=0/1DF3D00, redo lsn=0/1DF3D00
2026-09-26 12:18:02.513 UTC [157642] LOG:  database system is shut down
