[32m[1mAuto-detected[0m[39m pgrx extension crate: [37m[1mpin-pg[0m[39m ([36m/home/reing/projects/fts0/PIN-direct-build/crates/pin-pg/Cargo.toml[39m)
[32m[1m       Using[0m[39m [37m[1mPgConfig("pg18")[0m[39m and `pg_config` from [36m/usr/lib/postgresql/18/bin/pg_config[39m
[32m[1m    Building[0m[39m extension with features [36mpg18[39m
[32m[1m     Running[0m[39m command [36m"/home/reing/.rustup/toolchains/1.98.1-x86_64-unknown-linux-gnu/bin/cargo" "rustc" "--lib" "--manifest-path" "/home/reing/projects/fts0/PIN-direct-build/crates/pin-pg/Cargo.toml" "--release" "--features" "pg18" "--no-default-features" "--message-format=json-render-diagnostics" "--" "-C" "link-arg=-Wl,--no-gc-sections"[39m
   Compiling proc-macro2 v1.0.107
   Compiling quote v1.0.47
   Compiling unicode-ident v1.0.26
   Compiling stable_deref_trait v1.2.1
   Compiling serde_core v1.0.229
   Compiling libc v0.2.189
   Compiling autocfg v1.5.1
   Compiling writeable v0.6.4
   Compiling eyre v0.6.14
   Compiling litemap v0.8.3
   Compiling memchr v2.8.3
   Compiling thiserror v2.0.20
   Compiling syn v3.0.6
   Compiling utf8_iter v1.0.4
   Compiling icu_properties_data v2.3.0
   Compiling icu_normalizer_data v2.3.0
   Compiling zmij v1.0.23
   Compiling serde v1.0.229
   Compiling shlex v1.3.0
   Compiling find-msvc-tools v0.1.12
   Compiling cc v1.2.38
   Compiling syn v2.0.119
   Compiling winnow v1.0.4
   Compiling glob v0.3.4
   Compiling smallvec v1.16.1
   Compiling synstructure v0.14.0
   Compiling serde_json v1.0.151
   Compiling clang-sys v1.9.1
   Compiling toml_parser v1.1.3+spec-1.1.0
   Compiling zerofrom-derive v0.1.8
   Compiling yoke-derive v0.8.3
   Compiling zerovec-derive v0.11.6
   Compiling zerofrom v0.1.8
   Compiling displaydoc v0.2.7
   Compiling yoke v0.8.3
   Compiling thiserror-impl v2.0.20
   Compiling zerotrie v0.2.5
   Compiling zerovec v0.11.8
   Compiling serde_derive v1.0.229
   Compiling serde_spanned v1.1.1
   Compiling tinystr v0.8.4
   Compiling potential_utf v0.1.6
   Compiling icu_collections v2.3.0
   Compiling icu_locale_core v2.3.0
   Compiling toml_writer v1.1.2+spec-1.1.0
   Compiling indenter v0.3.4
   Compiling once_cell v1.21.4
   Compiling anyhow v1.0.104
   Compiling icu_provider v2.3.1
   Compiling toml_datetime v0.7.5+spec-1.1.0
   Compiling icu_normalizer v2.3.0
   Compiling icu_properties v2.3.0
   Compiling aho-corasick v1.1.5
   Compiling minimal-lexical v0.2.1
   Compiling is_ci v1.2.0
   Compiling regex-syntax v0.8.11
   Compiling idna_adapter v1.2.2
   Compiling percent-encoding v2.3.2
   Compiling cfg-if v1.0.5
   Compiling winnow v0.7.15
   Compiling form_urlencoded v1.2.2
   Compiling libloading v0.8.9
   Compiling idna v1.1.0
   Compiling supports-color v3.0.2
   Compiling nom v7.1.3
   Compiling regex-automata v0.4.18
   Compiling toml v0.9.12+spec-1.1.0
   Compiling toml_datetime v1.1.1+spec-1.1.0
   Compiling either v1.18.0
   Compiling itoa v1.0.18
   Compiling bindgen v0.72.1
   Compiling itertools v0.13.0
   Compiling cargo_toml v0.22.3
   Compiling regex v1.13.1
   Compiling toml v1.1.6+spec-1.1.0
   Compiling cexpr v0.6.0
   Compiling pathsearch v0.2.0
   Compiling owo-colors v4.4.0
   Compiling url v2.5.8
   Compiling hashbrown v0.17.1
   Compiling same-file v1.0.6
   Compiling equivalent v1.0.2
   Compiling foldhash v0.1.5
   Compiling bitflags v2.13.2
   Compiling rustc-hash v2.1.3
   Compiling hashbrown v0.15.5
   Compiling walkdir v2.5.0
   Compiling indexmap v2.14.2
   Compiling pgrx-pg-config v0.19.2
   Compiling unicode-segmentation v1.12.0
   Compiling shlex v2.0.1
   Compiling fixedbitset v0.5.7
   Compiling petgraph v0.8.3
   Compiling pgrx-bindgen v0.19.2
   Compiling convert_case v0.11.0
   Compiling cee-scape v0.2.0
   Compiling getrandom v0.4.3
   Compiling radium v0.7.0
   Compiling unescape v0.1.0
   Compiling pgrx-sql-entity-graph v0.19.2
   Compiling pgrx-pg-sys v0.19.2
   Compiling tap v1.0.1
   Compiling unicode-case-mapping v1.0.0
   Compiling wyz v0.5.1
   Compiling enum-map-derive v0.17.0
   Compiling pgrx-macros v0.19.2
   Compiling funty v2.0.0
   Compiling tinyvec v1.13.3
   Compiling half v1.8.3
   Compiling serde_cbor v0.11.2
   Compiling unicode-normalization v0.1.24
   Compiling bitvec v1.1.1
   Compiling enum-map v2.7.3
   Compiling uuid v1.26.1
   Compiling pin-pg v0.0.0 (/home/reing/projects/fts0/PIN-direct-build/crates/pin-pg)
   Compiling seahash v4.1.0
   Compiling pin-kernels v0.0.0 (/home/reing/projects/fts0/PIN-direct-build/crates/pin-kernels)
   Compiling pin-core v0.0.0 (/home/reing/projects/fts0/PIN-direct-build/crates/pin-core)
   Compiling pgrx v0.19.2
    Finished `release` profile [optimized + debuginfo] target(s) in 1m 21s
[32m[1m  Installing[0m[39m extension
[32m[1m     Copying[0m[39m control file to [36m/tmp/pin-direct-pr-package/usr/share/postgresql/18/extension/pin.control[39m
[32m[1m     Copying[0m[39m shared library to [36m/tmp/pin-direct-pr-package/usr/lib/postgresql/18/lib/pin.so[39m
[32m[1m  Discovered[0m[39m [36m[1m13[0m[39m SQL entities: [36m[1m0[0m[39m schemas ([36m[1m0[0m[39m unique), [36m[1m10[0m[39m functions, [36m[1m0[0m[39m types, [36m[1m0[0m[39m enums, [36m[1m3[0m[39m sqls, [36m[1m0[0m[39m ords, [36m[1m0[0m[39m hashes, [36m[1m0[0m[39m aggregates, [36m[1m0[0m[39m triggers
[32m[1m     Writing[0m[39m SQL entities to /tmp/pin-direct-pr-package/usr/share/postgresql/18/extension/pin--0.0.0.sql
[32m[1m    Finished[0m[39m installing pin
