2026-09-25 09:39:07.490 UTC [21057] DEBUG:  registering background worker "logical replication launcher"
2026-09-25 09:39:07.491 UTC [21057] DEBUG:  loaded library "pin"
2026-09-25 09:39:07.491 UTC [21057] DEBUG:  mmap(157286400) with MAP_HUGETLB failed, huge pages disabled: Cannot allocate memory
2026-09-25 09:39:07.499 UTC [21057] LOG:  starting PostgreSQL 18.6 on x86_64-pc-linux-gnu, compiled by gcc (Ubuntu 15.2.0-16ubuntu1) 15.2.0, 64-bit
2026-09-25 09:39:07.499 UTC [21057] LOG:  listening on Unix socket "/tmp/pin-count.pgJJEEFu/socket/.s.PGSQL.55490"
2026-09-25 09:39:07.499 UTC [21057] DEBUG:  updating PMState from PM_INIT to PM_STARTUP
2026-09-25 09:39:07.501 UTC [21063] LOG:  database system was shut down at 2026-09-25 09:39:07 UTC
2026-09-25 09:39:07.501 UTC [21063] DEBUG:  checkpoint record is at 0/1765CE0
2026-09-25 09:39:07.501 UTC [21063] DEBUG:  redo record is at 0/1765CE0; shutdown true
2026-09-25 09:39:07.501 UTC [21063] DEBUG:  next transaction ID: 752; next OID: 13691
2026-09-25 09:39:07.501 UTC [21063] DEBUG:  next MultiXactId: 1; next MultiXactOffset: 0
2026-09-25 09:39:07.501 UTC [21063] DEBUG:  oldest unfrozen transaction ID: 744, in database 1
2026-09-25 09:39:07.501 UTC [21063] DEBUG:  oldest MultiXactId: 1, in database 1
2026-09-25 09:39:07.501 UTC [21063] DEBUG:  commit timestamp Xid oldest/newest: 0/0
2026-09-25 09:39:07.501 UTC [21063] DEBUG:  transaction ID wrap limit is 2147484391, limited by database with OID 1
2026-09-25 09:39:07.501 UTC [21063] DEBUG:  MultiXactId wrap limit is 2147483648, limited by database with OID 1
2026-09-25 09:39:07.501 UTC [21063] DEBUG:  starting up replication slots
2026-09-25 09:39:07.501 UTC [21063] DEBUG:  xmin required by slots: data 0, catalog 0
2026-09-25 09:39:07.502 UTC [21063] DEBUG:  MultiXactId wrap limit is 2147483648, limited by database with OID 1
2026-09-25 09:39:07.502 UTC [21063] DEBUG:  MultiXact member stop limit is now 4294914944 based on MultiXact 1
2026-09-25 09:39:07.503 UTC [21057] DEBUG:  updating PMState from PM_STARTUP to PM_RUN
2026-09-25 09:39:07.503 UTC [21057] LOG:  database system is ready to accept connections
2026-09-25 09:39:07.503 UTC [21057] DEBUG:  starting background worker process "logical replication launcher"
2026-09-25 09:39:07.504 UTC [21065] DEBUG:  logical replication launcher started
2026-09-25 09:39:07.652 UTC [21068] DEBUG:  executing extension script for "pin" version '0.0.0'
2026-09-25 09:39:07.669 UTC [21072] DEBUG:  building index "pg_toast_16409_index" on table "pg_toast_16409" serially
2026-09-25 09:39:07.669 UTC [21072] DEBUG:  index "pg_toast_16409_index" can safely use deduplication
2026-09-25 09:39:07.677 UTC [21072] DEBUG:  building index "g9_count_pin" on table "g9_count_docs" serially
2026-09-25 09:39:09.677 UTC [21072] DEBUG:  Pin grouped snapshot: documents=1201 groups=1 written_pages=1237 reclaimed_pages=0 sort_spilled=false frontier_terms=1207
2026-09-25 09:39:09.678 UTC [21072] DEBUG:  building index "g9_count_gin" on table "g9_count_docs" serially
2026-09-25 09:39:10.273 UTC [21072] DEBUG:  Pin grouped snapshot: documents=1201 groups=1 written_pages=1237 reclaimed_pages=1237 sort_spilled=false frontier_terms=1207
2026-09-25 09:39:10.273 UTC [21072] CONTEXT:  while cleaning up index "g9_count_pin" of relation "public.g9_count_docs"
2026-09-25 09:39:10.273 UTC [21072] DEBUG:  Pin compaction: retained_pages=0 written_pages=1243 reclaimed_pages=1252 reused_pages=15
2026-09-25 09:39:10.273 UTC [21072] CONTEXT:  while cleaning up index "g9_count_pin" of relation "public.g9_count_docs"
2026-09-25 09:39:17.192 UTC [21645] DEBUG:  Pin grouped snapshot: documents=1733 groups=1 written_pages=1681 reclaimed_pages=1237 sort_spilled=false frontier_terms=1836
2026-09-25 09:39:17.192 UTC [21645] CONTEXT:  while cleaning up index "g9_count_pin" of relation "public.g9_count_docs"
2026-09-25 09:39:17.192 UTC [21645] DEBUG:  Pin compaction: retained_pages=0 written_pages=1688 reclaimed_pages=1254 reused_pages=1254
2026-09-25 09:39:17.192 UTC [21645] CONTEXT:  while cleaning up index "g9_count_pin" of relation "public.g9_count_docs"
2026-09-25 09:39:18.534 UTC [21793] DEBUG:  building index "pg_toast_16421_index" on table "pg_toast_16421" serially
2026-09-25 09:39:18.535 UTC [21793] DEBUG:  index "pg_toast_16421_index" can safely use deduplication
2026-09-25 09:39:18.536 UTC [21793] DEBUG:  building index "g9_count_legacy_body_idx" on table "g9_count_legacy" serially
2026-09-25 09:39:18.667 UTC [21823] ERROR:  permission denied to set parameter "pin.enable_grouped_count"
2026-09-25 09:39:18.667 UTC [21823] STATEMENT:  SET pin.enable_grouped_count=on;
2026-09-25 09:39:18.679 UTC [21827] DEBUG:  building index "pg_toast_16429_index" on table "pg_toast_16429" serially
2026-09-25 09:39:18.679 UTC [21827] DEBUG:  index "pg_toast_16429_index" can safely use deduplication
2026-09-25 09:39:18.680 UTC [21827] DEBUG:  building index "g9_count_reuse_body_idx" on table "g9_count_reuse" serially
2026-09-25 09:39:18.692 UTC [21827] DEBUG:  Pin grouped snapshot: documents=0 groups=0 written_pages=0 reclaimed_pages=0 sort_spilled=false frontier_terms=0
2026-09-25 09:39:18.733 UTC [21827] DEBUG:  building index "g9_count_reuse_to_tsvector_idx" on table "g9_count_reuse" serially
2026-09-25 09:39:18.750 UTC [21827] DEBUG:  Pin grouped snapshot: documents=66 groups=1 written_pages=7 reclaimed_pages=0 sort_spilled=false frontier_terms=3
2026-09-25 09:39:18.750 UTC [21827] CONTEXT:  while cleaning up index "g9_count_reuse_body_idx" of relation "public.g9_count_reuse"
2026-09-25 09:39:18.750 UTC [21827] DEBUG:  Pin compaction: retained_pages=0 written_pages=9 reclaimed_pages=2 reused_pages=2
2026-09-25 09:39:18.750 UTC [21827] CONTEXT:  while cleaning up index "g9_count_reuse_body_idx" of relation "public.g9_count_reuse"
2026-09-25 09:39:18.754 UTC [21827] DEBUG:  Pin compaction: retained_pages=0 written_pages=0 reclaimed_pages=0 reused_pages=0
2026-09-25 09:39:18.754 UTC [21827] CONTEXT:  while cleaning up index "g9_count_reuse_body_idx" of relation "public.g9_count_reuse"
2026-09-25 09:39:18.830 UTC [21843] DEBUG:  Pin grouped snapshot: documents=66 groups=1 written_pages=7 reclaimed_pages=7 sort_spilled=false frontier_terms=3
2026-09-25 09:39:18.830 UTC [21843] CONTEXT:  while cleaning up index "g9_count_reuse_body_idx" of relation "public.g9_count_reuse"
2026-09-25 09:39:18.830 UTC [21843] DEBUG:  Pin compaction: retained_pages=0 written_pages=8 reclaimed_pages=8 reused_pages=1
2026-09-25 09:39:18.830 UTC [21843] CONTEXT:  while cleaning up index "g9_count_reuse_body_idx" of relation "public.g9_count_reuse"
2026-09-25 09:39:18.921 UTC [21862] FATAL:  terminating connection due to administrator command
2026-09-25 09:39:18.921 UTC [21862] STATEMENT:  SELECT pg_sleep(170);
2026-09-25 09:39:19.903 UTC [21905] DEBUG:  Pin grouped snapshot: documents=1734 groups=1 written_pages=1681 reclaimed_pages=1681 sort_spilled=false frontier_terms=1836
2026-09-25 09:39:19.903 UTC [21905] CONTEXT:  while cleaning up index "g9_count_pin" of relation "public.g9_count_docs"
2026-09-25 09:39:19.903 UTC [21905] DEBUG:  Pin compaction: retained_pages=0 written_pages=1683 reclaimed_pages=1685 reused_pages=1241
2026-09-25 09:39:19.903 UTC [21905] CONTEXT:  while cleaning up index "g9_count_pin" of relation "public.g9_count_docs"
2026-09-25 09:39:19.911 UTC [21894] FATAL:  terminating connection due to administrator command
2026-09-25 09:39:19.911 UTC [21894] STATEMENT:  SELECT pg_sleep(170);
2026-09-25 09:39:19.965 UTC [21924] FATAL:  terminating connection due to administrator command
2026-09-25 09:39:19.965 UTC [21924] STATEMENT:  SELECT pg_sleep(170);
2026-09-25 09:39:19.976 UTC [21937] ERROR:  Pin injected storage error
2026-09-25 09:39:19.976 UTC [21937] STATEMENT:  SELECT count(*) FROM ONLY g9_count_docs WHERE body OPERATOR(pin.@@@) pin.parse_query('alpha AND bravo');
2026-09-25 09:39:19.998 UTC [21944] ERROR:  canceling statement due to user request
2026-09-25 09:39:19.998 UTC [21944] CONTEXT:  SQL statement "SELECT pg_catalog.pg_advisory_xact_lock(180006, 2)"
2026-09-25 09:39:19.998 UTC [21944] STATEMENT:  SELECT count(*) FROM ONLY g9_count_docs WHERE body OPERATOR(pin.@@@) pin.parse_query('alpha AND bravo');
2026-09-25 09:39:20.008 UTC [21940] FATAL:  terminating connection due to administrator command
2026-09-25 09:39:20.008 UTC [21940] STATEMENT:  SELECT pg_sleep(170);
2026-09-25 09:39:20.038 UTC [21958] FATAL:  terminating connection due to administrator command
2026-09-25 09:39:20.038 UTC [21958] CONTEXT:  SQL statement "SELECT pg_catalog.pg_advisory_xact_lock(180006, 2)"
2026-09-25 09:39:20.038 UTC [21958] STATEMENT:  SELECT count(*) FROM ONLY g9_count_docs WHERE body OPERATOR(pin.@@@) pin.parse_query('alpha AND bravo');
2026-09-25 09:39:20.048 UTC [21954] FATAL:  terminating connection due to administrator command
2026-09-25 09:39:20.048 UTC [21954] STATEMENT:  SELECT pg_sleep(170);
2026-09-25 09:39:20.139 UTC [21972] ERROR:  canceling statement due to user request
2026-09-25 09:39:20.139 UTC [21972] CONTEXT:  SQL statement "SELECT pg_catalog.pg_advisory_xact_lock(180006, 2)"
2026-09-25 09:39:20.139 UTC [21972] STATEMENT:  SELECT count(*) FROM ONLY g9_count_docs WHERE body OPERATOR(pin.@@@) pin.parse_query('alpha AND bravo');
2026-09-25 09:39:20.148 UTC [21968] FATAL:  terminating connection due to administrator command
2026-09-25 09:39:20.148 UTC [21968] STATEMENT:  SELECT pg_sleep(170);
2026-09-25 09:39:20.235 UTC [21988] FATAL:  terminating connection due to administrator command
2026-09-25 09:39:20.235 UTC [21988] CONTEXT:  SQL statement "SELECT pg_catalog.pg_advisory_xact_lock(180006, 2)"
2026-09-25 09:39:20.235 UTC [21988] STATEMENT:  SELECT count(*) FROM ONLY g9_count_docs WHERE body OPERATOR(pin.@@@) pin.parse_query('alpha AND bravo');
2026-09-25 09:39:20.245 UTC [21984] FATAL:  terminating connection due to administrator command
2026-09-25 09:39:20.245 UTC [21984] STATEMENT:  SELECT pg_sleep(170);
2026-09-25 09:39:20.261 UTC [21061] LOG:  checkpoint starting: immediate force wait
2026-09-25 09:39:20.261 UTC [21061] DEBUG:  performing replication slot checkpoint
2026-09-25 09:39:20.278 UTC [21061] DEBUG:  checkpoint sync: number=1 file=base/5/16426 time=0.005 ms
2026-09-25 09:39:20.278 UTC [21061] DEBUG:  checkpoint sync: number=2 file=base/5/2619 time=0.002 ms
2026-09-25 09:39:20.278 UTC [21061] DEBUG:  checkpoint sync: number=3 file=base/5/2609_vm time=0.001 ms
2026-09-25 09:39:20.278 UTC [21061] DEBUG:  checkpoint sync: number=4 file=base/5/1249 time=0.001 ms
2026-09-25 09:39:20.278 UTC [21061] DEBUG:  checkpoint sync: number=5 file=base/5/16432 time=0.006 ms
2026-09-25 09:39:20.278 UTC [21061] DEBUG:  checkpoint sync: number=6 file=base/5/2662 time=0.002 ms
2026-09-25 09:39:20.278 UTC [21061] DEBUG:  checkpoint sync: number=7 file=base/5/3394_vm time=0.002 ms
2026-09-25 09:39:20.278 UTC [21061] DEBUG:  checkpoint sync: number=8 file=base/5/16435 time=0.001 ms
2026-09-25 09:39:20.278 UTC [21061] DEBUG:  checkpoint sync: number=9 file=base/5/2840_vm time=0.001 ms
2026-09-25 09:39:20.278 UTC [21061] DEBUG:  checkpoint sync: number=10 file=base/5/16429_vm time=0.001 ms
2026-09-25 09:39:20.278 UTC [21061] DEBUG:  checkpoint sync: number=11 file=base/5/16441 time=0.001 ms
2026-09-25 09:39:20.278 UTC [21061] DEBUG:  checkpoint sync: number=12 file=base/5/2674 time=0.001 ms
2026-09-25 09:39:20.278 UTC [21061] DEBUG:  checkpoint sync: number=13 file=base/5/2601_vm time=0.001 ms
2026-09-25 09:39:20.278 UTC [21061] DEBUG:  checkpoint sync: number=14 file=global/1233 time=0.001 ms
2026-09-25 09:39:20.278 UTC [21061] DEBUG:  checkpoint sync: number=15 file=base/5/2579 time=0.001 ms
2026-09-25 09:39:20.279 UTC [21061] DEBUG:  checkpoint sync: number=16 file=base/5/16413 time=0.002 ms
2026-09-25 09:39:20.279 UTC [21061] DEBUG:  checkpoint sync: number=17 file=base/5/2608 time=0.001 ms
2026-09-25 09:39:20.279 UTC [21061] DEBUG:  checkpoint sync: number=18 file=base/5/16429 time=0.000 ms
2026-09-25 09:39:20.279 UTC [21061] DEBUG:  checkpoint sync: number=19 file=base/5/2688 time=0.001 ms
2026-09-25 09:39:20.279 UTC [21061] DEBUG:  checkpoint sync: number=20 file=base/5/2685 time=0.001 ms
2026-09-25 09:39:20.279 UTC [21061] DEBUG:  checkpoint sync: number=21 file=base/5/16434 time=0.000 ms
2026-09-25 09:39:20.279 UTC [21061] DEBUG:  checkpoint sync: number=22 file=base/5/1247 time=0.001 ms
2026-09-25 09:39:20.279 UTC [21061] DEBUG:  checkpoint sync: number=23 file=base/5/2841 time=0.001 ms
2026-09-25 09:39:20.279 UTC [21061] DEBUG:  checkpoint sync: number=24 file=base/5/2658 time=0.001 ms
2026-09-25 09:39:20.279 UTC [21061] DEBUG:  checkpoint sync: number=25 file=base/5/3081 time=0.001 ms
2026-09-25 09:39:20.279 UTC [21061] DEBUG:  checkpoint sync: number=26 file=base/5/1259 time=0.001 ms
2026-09-25 09:39:20.279 UTC [21061] DEBUG:  checkpoint sync: number=27 file=base/5/1249_fsm time=0.001 ms
2026-09-25 09:39:20.279 UTC [21061] DEBUG:  checkpoint sync: number=28 file=base/5/2704 time=0.001 ms
2026-09-25 09:39:20.279 UTC [21061] DEBUG:  checkpoint sync: number=29 file=base/5/2691 time=0.001 ms
2026-09-25 09:39:20.279 UTC [21061] DEBUG:  checkpoint sync: number=30 file=base/5/1247_vm time=0.001 ms
2026-09-25 09:39:20.279 UTC [21061] DEBUG:  checkpoint sync: number=31 file=base/5/2616_vm time=0.001 ms
2026-09-25 09:39:20.279 UTC [21061] DEBUG:  checkpoint sync: number=32 file=base/5/2615 time=0.001 ms
2026-09-25 09:39:20.279 UTC [21061] DEBUG:  checkpoint sync: number=33 file=base/5/2651 time=0.001 ms
2026-09-25 09:39:20.279 UTC [21061] DEBUG:  checkpoint sync: number=34 file=global/1260_vm time=0.001 ms
2026-09-25 09:39:20.279 UTC [21061] DEBUG:  checkpoint sync: number=35 file=base/5/2840 time=0.001 ms
2026-09-25 09:39:20.279 UTC [21061] DEBUG:  checkpoint sync: number=36 file=base/5/2659 time=0.001 ms
2026-09-25 09:39:20.279 UTC [21061] DEBUG:  checkpoint sync: number=37 file=base/5/2608_fsm time=0.001 ms
2026-09-25 09:39:20.279 UTC [21061] DEBUG:  checkpoint sync: number=38 file=base/5/2609 time=0.001 ms
2026-09-25 09:39:20.279 UTC [21061] DEBUG:  checkpoint sync: number=39 file=base/5/2616 time=0.001 ms
2026-09-25 09:39:20.279 UTC [21061] DEBUG:  checkpoint sync: number=40 file=pg_xact/0000 time=0.004 ms
2026-09-25 09:39:20.279 UTC [21061] DEBUG:  checkpoint sync: number=41 file=pg_multixact/offsets/0000 time=0.003 ms
2026-09-25 09:39:20.279 UTC [21061] DEBUG:  checkpoint sync: number=42 file=base/5/2673 time=0.001 ms
2026-09-25 09:39:20.279 UTC [21061] DEBUG:  checkpoint sync: number=43 file=base/5/2610_fsm time=0.002 ms
2026-09-25 09:39:20.279 UTC [21061] DEBUG:  checkpoint sync: number=44 file=base/5/3395 time=0.001 ms
2026-09-25 09:39:20.279 UTC [21061] DEBUG:  checkpoint sync: number=45 file=base/5/16409_vm time=0.001 ms
2026-09-25 09:39:20.279 UTC [21061] DEBUG:  checkpoint sync: number=46 file=base/5/2654 time=0.001 ms
2026-09-25 09:39:20.279 UTC [21061] DEBUG:  checkpoint sync: number=47 file=base/5/2675 time=0.001 ms
2026-09-25 09:39:20.279 UTC [21061] DEBUG:  checkpoint sync: number=48 file=base/5/16425 time=0.002 ms
2026-09-25 09:39:20.279 UTC [21061] DEBUG:  checkpoint sync: number=49 file=base/5/2606_vm time=0.001 ms
2026-09-25 09:39:20.279 UTC [21061] DEBUG:  checkpoint sync: number=50 file=base/5/2753 time=0.001 ms
2026-09-25 09:39:20.279 UTC [21061] DEBUG:  checkpoint sync: number=51 file=base/5/2755 time=0.001 ms
2026-09-25 09:39:20.279 UTC [21061] DEBUG:  checkpoint sync: number=52 file=base/5/2606 time=0.001 ms
2026-09-25 09:39:20.279 UTC [21061] DEBUG:  checkpoint sync: number=53 file=base/5/2615_vm time=0.001 ms
2026-09-25 09:39:20.279 UTC [21061] DEBUG:  checkpoint sync: number=54 file=base/5/3079_vm time=0.001 ms
2026-09-25 09:39:20.279 UTC [21061] DEBUG:  checkpoint sync: number=55 file=base/5/16416 time=0.000 ms
2026-09-25 09:39:20.279 UTC [21061] DEBUG:  checkpoint sync: number=56 file=base/5/1255 time=0.001 ms
2026-09-25 09:39:20.279 UTC [21061] DEBUG:  checkpoint sync: number=57 file=base/5/3257 time=0.001 ms
2026-09-25 09:39:20.279 UTC [21061] DEBUG:  checkpoint sync: number=58 file=base/5/2686 time=0.001 ms
2026-09-25 09:39:20.279 UTC [21061] DEBUG:  checkpoint sync: number=59 file=base/5/3258 time=0.001 ms
2026-09-25 09:39:20.279 UTC [21061] DEBUG:  checkpoint sync: number=60 file=global/2676 time=0.001 ms
2026-09-25 09:39:20.279 UTC [21061] DEBUG:  checkpoint sync: number=61 file=base/5/1255_fsm time=0.001 ms
2026-09-25 09:39:20.279 UTC [21061] DEBUG:  checkpoint sync: number=62 file=base/5/16416_fsm time=0.000 ms
2026-09-25 09:39:20.279 UTC [21061] DEBUG:  checkpoint sync: number=63 file=base/5/2667 time=0.001 ms
2026-09-25 09:39:20.279 UTC [21061] DEBUG:  checkpoint sync: number=64 file=global/2677 time=0.001 ms
2026-09-25 09:39:20.279 UTC [21061] DEBUG:  checkpoint sync: number=65 file=base/5/2679 time=0.001 ms
2026-09-25 09:39:20.279 UTC [21061] DEBUG:  checkpoint sync: number=66 file=base/5/2602_vm time=0.001 ms
2026-09-25 09:39:20.279 UTC [21061] DEBUG:  checkpoint sync: number=67 file=base/5/16414 time=0.002 ms
2026-09-25 09:39:20.279 UTC [21061] DEBUG:  checkpoint sync: number=68 file=base/5/2663 time=0.001 ms
2026-09-25 09:39:20.279 UTC [21061] DEBUG:  checkpoint sync: number=69 file=base/5/2665 time=0.001 ms
2026-09-25 09:39:20.279 UTC [21061] DEBUG:  checkpoint sync: number=70 file=global/1214 time=0.001 ms
2026-09-25 09:39:20.279 UTC [21061] DEBUG:  checkpoint sync: number=71 file=base/5/3394 time=0.001 ms
2026-09-25 09:39:20.279 UTC [21061] DEBUG:  checkpoint sync: number=72 file=base/5/1249_vm time=0.001 ms
2026-09-25 09:39:20.279 UTC [21061] DEBUG:  checkpoint sync: number=73 file=base/5/16424 time=0.002 ms
2026-09-25 09:39:20.279 UTC [21061] DEBUG:  checkpoint sync: number=74 file=base/5/16433 time=0.002 ms
2026-09-25 09:39:20.279 UTC [21061] DEBUG:  checkpoint sync: number=75 file=base/5/2687 time=0.001 ms
2026-09-25 09:39:20.279 UTC [21061] DEBUG:  checkpoint sync: number=76 file=base/5/2756 time=0.001 ms
2026-09-25 09:39:20.279 UTC [21061] DEBUG:  checkpoint sync: number=77 file=base/5/1259_vm time=0.001 ms
2026-09-25 09:39:20.279 UTC [21061] DEBUG:  checkpoint sync: number=78 file=base/5/2753_vm time=0.001 ms
2026-09-25 09:39:20.279 UTC [21061] DEBUG:  checkpoint sync: number=79 file=base/5/2690 time=0.001 ms
2026-09-25 09:39:20.279 UTC [21061] DEBUG:  checkpoint sync: number=80 file=global/1232 time=0.001 ms
2026-09-25 09:39:20.279 UTC [21061] DEBUG:  checkpoint sync: number=81 file=base/5/16435_fsm time=0.000 ms
2026-09-25 09:39:20.279 UTC [21061] DEBUG:  checkpoint sync: number=82 file=base/5/3080 time=0.001 ms
2026-09-25 09:39:20.279 UTC [21061] DEBUG:  checkpoint sync: number=83 file=base/5/16409_fsm time=0.001 ms
2026-09-25 09:39:20.279 UTC [21061] DEBUG:  checkpoint sync: number=84 file=base/5/2696 time=0.001 ms
2026-09-25 09:39:20.279 UTC [21061] DEBUG:  checkpoint sync: number=85 file=base/5/2684 time=0.001 ms
2026-09-25 09:39:20.279 UTC [21061] DEBUG:  checkpoint sync: number=86 file=base/5/2689 time=0.001 ms
2026-09-25 09:39:20.279 UTC [21061] DEBUG:  checkpoint sync: number=87 file=base/5/16421 time=0.000 ms
2026-09-25 09:39:20.279 UTC [21061] DEBUG:  checkpoint sync: number=88 file=base/5/2608_vm time=0.001 ms
2026-09-25 09:39:20.279 UTC [21061] DEBUG:  checkpoint sync: number=89 file=base/5/3079 time=0.001 ms
2026-09-25 09:39:20.279 UTC [21061] DEBUG:  checkpoint sync: number=90 file=base/5/2617_vm time=0.001 ms
2026-09-25 09:39:20.279 UTC [21061] DEBUG:  checkpoint sync: number=91 file=base/5/2840_fsm time=0.001 ms
2026-09-25 09:39:20.279 UTC [21061] DEBUG:  checkpoint sync: number=92 file=base/5/1255_vm time=0.001 ms
2026-09-25 09:39:20.279 UTC [21061] DEBUG:  checkpoint sync: number=93 file=base/5/2604 time=0.001 ms
2026-09-25 09:39:20.279 UTC [21061] DEBUG:  checkpoint sync: number=94 file=base/5/2666 time=0.001 ms
2026-09-25 09:39:20.279 UTC [21061] DEBUG:  checkpoint sync: number=95 file=base/5/16409 time=0.001 ms
2026-09-25 09:39:20.279 UTC [21061] DEBUG:  checkpoint sync: number=96 file=base/5/2754 time=0.001 ms
2026-09-25 09:39:20.279 UTC [21061] DEBUG:  checkpoint sync: number=97 file=base/5/3256 time=0.001 ms
2026-09-25 09:39:20.279 UTC [21061] DEBUG:  checkpoint sync: number=98 file=base/5/16429_fsm time=0.000 ms
2026-09-25 09:39:20.279 UTC [21061] DEBUG:  checkpoint sync: number=99 file=base/5/2678 time=0.001 ms
2026-09-25 09:39:20.279 UTC [21061] DEBUG:  checkpoint sync: number=100 file=base/5/3455 time=0.001 ms
2026-09-25 09:39:20.279 UTC [21061] DEBUG:  checkpoint sync: number=101 file=base/5/2610 time=0.001 ms
2026-09-25 09:39:20.279 UTC [21061] DEBUG:  checkpoint sync: number=102 file=base/5/2657 time=0.001 ms
2026-09-25 09:39:20.279 UTC [21061] DEBUG:  checkpoint sync: number=103 file=base/5/2656 time=0.001 ms
2026-09-25 09:39:20.279 UTC [21061] DEBUG:  checkpoint sync: number=104 file=base/5/16415 time=0.000 ms
2026-09-25 09:39:20.279 UTC [21061] DEBUG:  checkpoint sync: number=105 file=base/5/2653 time=0.001 ms
2026-09-25 09:39:20.279 UTC [21061] DEBUG:  checkpoint sync: number=106 file=base/5/2602 time=0.001 ms
2026-09-25 09:39:20.279 UTC [21061] DEBUG:  checkpoint sync: number=107 file=base/5/2601 time=0.001 ms
2026-09-25 09:39:20.279 UTC [21061] DEBUG:  checkpoint sync: number=108 file=base/5/2610_vm time=0.001 ms
2026-09-25 09:39:20.279 UTC [21061] DEBUG:  checkpoint sync: number=109 file=base/5/2664 time=0.001 ms
2026-09-25 09:39:20.279 UTC [21061] DEBUG:  checkpoint sync: number=110 file=base/5/2703 time=0.001 ms
2026-09-25 09:39:20.279 UTC [21061] DEBUG:  checkpoint sync: number=111 file=global/1260 time=0.001 ms
2026-09-25 09:39:20.279 UTC [21061] DEBUG:  checkpoint sync: number=112 file=base/5/2617 time=0.001 ms
2026-09-25 09:39:20.279 UTC [21061] DEBUG:  checkpoint sync: number=113 file=base/5/2652 time=0.001 ms
2026-09-25 09:39:20.279 UTC [21061] DEBUG:  checkpoint sync: number=114 file=base/5/2619_vm time=0.001 ms
2026-09-25 09:39:20.279 UTC [21061] LOG:  checkpoint complete: wrote 4228 buffers (25.8%), wrote 3 SLRU buffers; 0 WAL file(s) added, 0 removed, 1 recycled; write=0.017 s, sync=0.001 s, total=0.018 s; sync files=114, longest=0.001 s, average=0.001 s; distance=12225 kB, estimate=12225 kB; lsn=0/23563A8, redo lsn=0/2356350
2026-09-25 09:39:20.299 UTC [21057] LOG:  received immediate shutdown request
2026-09-25 09:39:20.299 UTC [21057] DEBUG:  updating PMState from PM_RUN to PM_WAIT_BACKENDS
2026-09-25 09:39:20.302 UTC [21057] DEBUG:  updating PMState from PM_WAIT_BACKENDS to PM_WAIT_DEAD_END
2026-09-25 09:39:20.302 UTC [21057] DEBUG:  updating PMState from PM_WAIT_DEAD_END to PM_NO_CHILDREN
2026-09-25 09:39:20.307 UTC [21057] LOG:  database system is shut down
2026-09-25 09:39:20.426 UTC [22012] DEBUG:  registering background worker "logical replication launcher"
2026-09-25 09:39:20.427 UTC [22012] DEBUG:  loaded library "pin"
2026-09-25 09:39:20.427 UTC [22012] DEBUG:  mmap(157286400) with MAP_HUGETLB failed, huge pages disabled: Cannot allocate memory
2026-09-25 09:39:20.435 UTC [22012] LOG:  starting PostgreSQL 18.6 on x86_64-pc-linux-gnu, compiled by gcc (Ubuntu 15.2.0-16ubuntu1) 15.2.0, 64-bit
2026-09-25 09:39:20.435 UTC [22012] LOG:  listening on Unix socket "/tmp/pin-count.pgJJEEFu/socket/.s.PGSQL.55490"
2026-09-25 09:39:20.435 UTC [22012] DEBUG:  updating PMState from PM_INIT to PM_STARTUP
2026-09-25 09:39:20.438 UTC [22018] LOG:  database system was interrupted; last known up at 2026-09-25 09:39:20 UTC
2026-09-25 09:39:20.442 UTC [22018] DEBUG:  checkpoint record is at 0/23563A8
2026-09-25 09:39:20.442 UTC [22018] DEBUG:  redo record is at 0/2356350; shutdown false
2026-09-25 09:39:20.442 UTC [22018] DEBUG:  next transaction ID: 803; next OID: 24576
2026-09-25 09:39:20.442 UTC [22018] DEBUG:  next MultiXactId: 1; next MultiXactOffset: 0
2026-09-25 09:39:20.442 UTC [22018] DEBUG:  oldest unfrozen transaction ID: 744, in database 1
2026-09-25 09:39:20.442 UTC [22018] DEBUG:  oldest MultiXactId: 1, in database 1
2026-09-25 09:39:20.442 UTC [22018] DEBUG:  commit timestamp Xid oldest/newest: 0/0
2026-09-25 09:39:20.442 UTC [22018] LOG:  database system was not properly shut down; automatic recovery in progress
2026-09-25 09:39:20.442 UTC [22018] DEBUG:  transaction ID wrap limit is 2147484391, limited by database with OID 1
2026-09-25 09:39:20.442 UTC [22018] DEBUG:  MultiXactId wrap limit is 2147483648, limited by database with OID 1
2026-09-25 09:39:20.442 UTC [22018] DEBUG:  starting up replication slots
2026-09-25 09:39:20.442 UTC [22018] DEBUG:  xmin required by slots: data 0, catalog 0
2026-09-25 09:39:20.442 UTC [22018] DEBUG:  resetting unlogged relations: cleanup 1 init 0
2026-09-25 09:39:20.442 UTC [22018] LOG:  redo starts at 0/2356350
2026-09-25 09:39:20.442 UTC [22012] DEBUG:  updating PMState from PM_STARTUP to PM_RECOVERY
2026-09-25 09:39:20.442 UTC [22018] LOG:  invalid record length at 0/235AA50: expected at least 24, got 0
2026-09-25 09:39:20.442 UTC [22018] LOG:  redo done at 0/235AA28 system usage: CPU: user: 0.00 s, system: 0.00 s, elapsed: 0.00 s
2026-09-25 09:39:20.442 UTC [22018] DEBUG:  resetting unlogged relations: cleanup 0 init 1
2026-09-25 09:39:20.442 UTC [22018] DEBUG:  MultiXactId wrap limit is 2147483648, limited by database with OID 1
2026-09-25 09:39:20.442 UTC [22018] DEBUG:  MultiXact member stop limit is now 4294914944 based on MultiXact 1
2026-09-25 09:39:20.443 UTC [22016] LOG:  checkpoint starting: end-of-recovery immediate wait
2026-09-25 09:39:20.443 UTC [22016] DEBUG:  performing replication slot checkpoint
2026-09-25 09:39:20.443 UTC [22016] DEBUG:  checkpoint sync: number=1 file=base/5/16441 time=0.001 ms
2026-09-25 09:39:20.443 UTC [22016] DEBUG:  checkpoint sync: number=2 file=pg_xact/0000 time=0.002 ms
2026-09-25 09:39:20.443 UTC [22016] DEBUG:  checkpoint sync: number=3 file=pg_multixact/offsets/0000 time=0.002 ms
2026-09-25 09:39:20.443 UTC [22016] DEBUG:  checkpoint sync: number=4 file=base/5/16409_vm time=0.000 ms
2026-09-25 09:39:20.443 UTC [22016] DEBUG:  checkpoint sync: number=5 file=base/5/16416 time=0.000 ms
2026-09-25 09:39:20.443 UTC [22016] DEBUG:  checkpoint sync: number=6 file=base/5/16409 time=0.000 ms
2026-09-25 09:39:20.443 UTC [22016] DEBUG:  checkpoint sync: number=7 file=base/5/16415 time=0.000 ms
2026-09-25 09:39:20.443 UTC [22016] LOG:  checkpoint complete: wrote 10 buffers (0.1%), wrote 3 SLRU buffers; 0 WAL file(s) added, 0 removed, 0 recycled; write=0.001 s, sync=0.001 s, total=0.001 s; sync files=7, longest=0.001 s, average=0.000 s; distance=17 kB, estimate=17 kB; lsn=0/235AA50, redo lsn=0/235AA50
2026-09-25 09:39:20.445 UTC [22012] DEBUG:  updating PMState from PM_RECOVERY to PM_RUN
2026-09-25 09:39:20.445 UTC [22012] LOG:  database system is ready to accept connections
2026-09-25 09:39:20.445 UTC [22012] DEBUG:  starting background worker process "logical replication launcher"
2026-09-25 09:39:20.445 UTC [22020] DEBUG:  logical replication launcher started
2026-09-25 09:39:20.638 UTC [22012] LOG:  received immediate shutdown request
2026-09-25 09:39:20.638 UTC [22012] DEBUG:  updating PMState from PM_RUN to PM_WAIT_BACKENDS
2026-09-25 09:39:20.640 UTC [22012] DEBUG:  updating PMState from PM_WAIT_BACKENDS to PM_WAIT_DEAD_END
2026-09-25 09:39:20.640 UTC [22012] DEBUG:  updating PMState from PM_WAIT_DEAD_END to PM_NO_CHILDREN
2026-09-25 09:39:20.642 UTC [22012] LOG:  database system is shut down
