[
  {
    "case": "adjacent",
    "mode": "positions",
    "median_cpu_us": 943.2547999999999
  },
  {
    "case": "adjacent",
    "mode": "gin_stored",
    "median_cpu_us": 597.159645
  },
  {
    "case": "repeated",
    "mode": "positions",
    "median_cpu_us": 756.355905
  },
  {
    "case": "repeated",
    "mode": "gin_stored",
    "median_cpu_us": 617.69575
  },
  {
    "case": "nonadjacent",
    "mode": "positions",
    "median_cpu_us": 1175.571455
  },
  {
    "case": "nonadjacent",
    "mode": "gin_stored",
    "median_cpu_us": 712.673665
  }
]
