    Checking unicode-segmentation v1.12.0
    Checking tinyvec v1.13.3
    Checking unicode-case-mapping v1.0.0
    Checking pin-kernels v0.0.0 (/home/reing/projects/fts0/PIN/crates/pin-kernels)
    Checking unicode-ident v1.0.26
    Checking proc-macro2 v1.0.107
    Checking unicode-normalization v0.1.24
    Checking libc v0.2.189
    Checking serde_core v1.0.229
    Checking hashbrown v0.17.1
    Checking pin-core v0.0.0 (/home/reing/projects/fts0/PIN/crates/pin-core)
    Checking equivalent v1.0.2
    Checking foldhash v0.1.5
    Checking hashbrown v0.15.5
    Checking indexmap v2.14.2
    Checking quote v1.0.47
    Checking indenter v0.3.4
    Checking fixedbitset v0.5.7
    Checking once_cell v1.21.4
    Checking syn v2.0.119
    Checking eyre v0.6.14
    Checking petgraph v0.8.3
    Checking thiserror v2.0.20
    Checking convert_case v0.11.0
    Checking unescape v0.1.0
    Checking cfg-if v1.0.5
    Checking tap v1.0.1
    Checking serde v1.0.229
    Checking wyz v0.5.1
    Checking getrandom v0.4.3
    Checking zmij v1.0.23
    Checking cee-scape v0.2.0
    Checking radium v0.7.0
    Checking memchr v2.8.3
    Checking half v1.8.3
    Checking itoa v1.0.18
    Checking funty v2.0.0
    Checking serde_json v1.0.151
    Checking bitvec v1.1.1
    Checking serde_cbor v0.11.2
    Checking enum-map v2.7.3
    Checking uuid v1.26.1
   Compiling pin-pg v0.0.0 (/home/reing/projects/fts0/PIN/crates/pin-pg)
    Checking seahash v4.1.0
    Checking bitflags v2.13.2
    Checking pgrx-sql-entity-graph v0.19.2
    Checking pgrx-pg-sys v0.19.2
    Checking pgrx v0.19.2
    Finished `release` profile [optimized + debuginfo] target(s) in 12.57s
