   Compiling pin-core v0.0.0 (/home/reing/projects/fts0/PIN/crates/pin-core)
   Compiling pin-kernels v0.0.0 (/home/reing/projects/fts0/PIN/crates/pin-kernels)
    Finished `release` profile [optimized + debuginfo] target(s) in 1m 08s
     Running unittests src/lib.rs (/tmp/pin-cargo-target/release/deps/pin_core-caf021c1ac9ddcbc)

running 10 tests
test budget::tests::failed_operations_are_atomic ... ok
test identity::tests::generations_do_not_wrap ... ok
test identity::tests::coordinate_boundaries ... ok
test budget::tests::addition_and_multiplication_do_not_wrap ... ok
test identity::tests::slot_reuse_and_rewrites_change_identity ... ok
test normalize::conformance::unicode16_nfc_conformance ... ignored, requires hash-verified PIN_UNICODE_DATA; mandatory in G1 CI
test memory::tests::scratch_release_returns_capacity_without_resetting_peak ... ok
test mutable::query::tests::direct_roots_do_not_allocate_continuations ... ok
test recheck::tests::exhausted_work_stops_comparisons_but_still_validates_the_tail ... ok
test normalize::tests::nfc_matches_independent_iterator_for_every_scalar ... ok

test result: ok. 9 passed; 0 failed; 1 ignored; 0 measured; 0 filtered out; finished in 0.10s

     Running tests/g1_codecs.rs (/tmp/pin-cargo-target/release/deps/g1_codecs-4ab46610bb219467)

running 4 tests
test byte_extents_fail_without_advancing ... ok
test position_golden_preserves_zero_gaps_and_extremes ... ok
test varint_golden_boundaries_and_atomic_errors ... ok
test deterministic_varint_roundtrips ... ok

test result: ok. 4 passed; 0 failed; 0 ignored; 0 measured; 0 filtered out; finished in 0.00s

     Running tests/g1_formats.rs (/tmp/pin-cargo-target/release/deps/g1_formats-303ed7b5dede7d12)

running 8 tests
test document_records_preserve_incarnation_and_reject_invalid_states ... ok
test dictionary_exact_lookup_prefix_bounds_and_untrusted_offsets ... ok
test deterministic_malformed_payloads_never_panic ... ok
test manifest_validates_unique_sorted_sources_and_reserved_bytes ... ok
test offset_golden_tails_and_truncations ... ok
test prefix_intervals_match_a_linear_byte_order_oracle ... ok
test values_distinguish_null_empty_and_exact_unicode_bytes ... ok
test mixed_container_operations_match_independent_sets ... ok

test result: ok. 8 passed; 0 failed; 0 ignored; 0 measured; 0 filtered out; finished in 0.04s

     Running tests/g1_index.rs (/tmp/pin-cargo-target/release/deps/g1_index-a91539082bb43dec)

running 5 tests
test publication_profile_and_incarnation_invariants_are_enforced ... ok
test resource_errors_are_explicit_and_search_errors_are_fused ... ok
test postings_match_independent_document_oracle ... ok
test repeated_phrase_terms_are_verified_without_materializing_positions ... ok
test seeded_corpora_cover_boolean_phrase_prefix_and_root_ordering ... ok

test result: ok. 5 passed; 0 failed; 0 ignored; 0 measured; 0 filtered out; finished in 0.05s

     Running tests/g1_rank.rs (/tmp/pin-cargo-target/release/deps/g1_rank-d4437cead705b8c6)

running 5 tests
test epoch_coherence_foreign_generations_and_budget_excess_are_rejected ... ok
test eligibility_precedes_heap_admission_and_ties_are_root_ordered ... ok
test duplicate_terms_phrases_prefixes_and_negation_have_explicit_scoring ... ok
test finite_kernel_inputs_and_extreme_arithmetic_fail_closed ... ok
test exhaustive_scores_and_topk_match_independent_formula_and_sort ... ok

test result: ok. 5 passed; 0 failed; 0 ignored; 0 measured; 0 filtered out; finished in 0.00s

     Running tests/g1_semantics.rs (/tmp/pin-cargo-target/release/deps/g1_semantics-8c45701db583dbb1)

running 5 tests
test boolean_precedence_matches_complete_truth_tables ... ok
test phrase_repetition_negation_empty_and_null_are_distinct ... ok
test invalid_syntax_and_complexity_fail_explicitly ... ok
test query_wire_roundtrip_revalidates_versions_bounds_and_utf8 ... ok
test unicode_profile_has_frozen_normalization_and_simple_folding ... ok

test result: ok. 5 passed; 0 failed; 0 ignored; 0 measured; 0 filtered out; finished in 0.00s

     Running tests/g1_unicode.rs (/tmp/pin-cargo-target/release/deps/g1_unicode-4a45bb68a802dad5)

running 5 tests
test unicode16_simple_default_casefold_conformance ... ignored, requires hash-verified PIN_UNICODE_DATA; mandatory in G1 CI
test unicode16_word_boundary_conformance ... ignored, requires hash-verified PIN_UNICODE_DATA; mandatory in G1 CI
test normalization_handles_blocking_hangul_leading_marks_and_long_sequences ... ok
test ascii_fast_path_equals_general_profile_for_every_pair ... ok
test seeded_unicode_sequences_match_independent_normalization ... ok

test result: ok. 3 passed; 0 failed; 2 ignored; 0 measured; 0 filtered out; finished in 0.03s

     Running tests/g2_candidates.rs (/tmp/pin-cargo-target/release/deps/g2_candidates-85d33c56ac2488f2)

running 3 tests
test conjunction_selects_cover_and_disjunction_deduplicates ... ok
test negation_includes_empty_documents_and_budget_never_truncates ... ok
test every_reference_match_is_covered ... ok

test result: ok. 3 passed; 0 failed; 0 ignored; 0 measured; 0 filtered out; finished in 0.00s

     Running tests/g2_mutable.rs (/tmp/pin-cargo-target/release/deps/g2_mutable-33dca451db14efcc)

running 8 tests
test document_validation_rejects_cross_term_position_reuse_and_trailing_bytes ... ok
test inline_payloads_pack_without_moving_owner_identities ... ok
test old_terms_cannot_resurrect_when_the_same_heap_slot_is_reused ... ok
test referenced_zero_pages_fail_closed_instead_of_entering_the_free_list ... ok
test vacuum_interruptions_are_idempotent_and_freed_payload_pages_are_reused ... ok
test every_insertion_boundary_recovers_without_half_published_matches ... ok
test exact_term_comparison_survives_hash_collisions_and_dictionary_overflow ... ok
test lossy_candidates_plus_recheck_equal_the_independent_oracle ... ok

test result: ok. 8 passed; 0 failed; 0 ignored; 0 measured; 0 filtered out; finished in 0.03s

     Running tests/g3_compaction.rs (/tmp/pin-cargo-target/release/deps/g3_compaction-90bf610d90dd6475)

running 10 tests
test corrupted_journal_cannot_reclaim_the_active_chain ... ok
test cyclic_posting_chains_fail_instead_of_spinning ... ok
test sealed_codec_rejects_invalid_order_counts_trailing_bytes_and_old_version ... ok
test sealed_pages_round_trip_without_a_page_sized_reference_array ... ok
test u64_varints_cover_boundaries_and_preserve_failed_cursors ... ok
test compaction_preserves_terms_sharing_one_dictionary_page ... ok
test vacuum_and_reused_heap_slots_cannot_resurrect_sealed_postings ... ok
test wal_batch_failures_before_and_after_persistence_are_atomic ... ok
test every_durable_compaction_boundary_preserves_coverage_and_recovers ... ok
test multi_page_segments_recycle_blocks_and_accept_a_mutable_tail ... ok

test result: ok. 10 passed; 0 failed; 0 ignored; 0 measured; 0 filtered out; finished in 0.22s

     Running tests/g4_interleaving.rs (/tmp/pin-cargo-target/release/deps/g4_interleaving-833c7bcd21780341)

running 3 tests
test refresh_does_not_hide_a_genuinely_missing_owner_slot ... ok
test owner_cache_refreshes_once_when_a_later_posting_outgrows_its_copy ... ok
test captured_tail_stops_before_pages_appended_after_open ... ok

test result: ok. 3 passed; 0 failed; 0 ignored; 0 measured; 0 filtered out; finished in 0.02s

     Running tests/g4_query.rs (/tmp/pin-cargo-target/release/deps/g4_query-712db2212efb0f25)

running 11 tests
test equal_owner_coordinates_with_foreign_incarnations_are_rejected ... ok
test cursor_budget_falls_back_before_emission_without_truncating_matches ... ok
test deep_queries_use_bounded_explicit_continuations_not_recursive_calls ... ok
test mutable_owner_reordering_is_rejected ... ok
test intersections_use_owner_identity_not_reused_heap_coordinates ... ok
test phrases_intersect_terms_but_do_not_claim_position_or_multiplicity_checks ... ok
test repeated_terms_share_dictionary_lookup_but_keep_independent_cursors ... ok
test positive_boolean_candidates_equal_the_oracle_without_shared_cursor_skips ... ok
test independent_oracle_matches_are_always_covered ... ok
test filtering_avoids_owner_page_reads_for_rejected_postings ... ok
test sealed_pages_mutable_tails_and_vacuum_preserve_boolean_results ... ok

test result: ok. 11 passed; 0 failed; 0 ignored; 0 measured; 0 filtered out; finished in 0.11s

     Running tests/g5_count.rs (/tmp/pin-cargo-target/release/deps/g5_count-4c742b0a6cb6989d)

running 5 tests
test count_shape_gate_accepts_only_exact_terms ... ok
test cancellation_never_returns_partial_accounting ... ok
test every_query_uses_a_duplicate_free_cover ... ok
test vacuumed_incarnations_never_certify_reused_coordinates ... ok
test only_sealed_single_term_membership_is_certifiable ... ok

test result: ok. 5 passed; 0 failed; 0 ignored; 0 measured; 0 filtered out; finished in 0.02s

     Running tests/g6_offsets.rs (/tmp/pin-cargo-target/release/deps/g6_offsets-975495e9d2e1d78a)

running 3 tests
test opt_in_kernels_preserve_default_results_and_domain_guards ... ok
test every_small_set_preserves_lengths_encodings_and_ties ... ok
test every_domain_and_cross_word_run_matches_offset_reference ... ok

test result: ok. 3 passed; 0 failed; 0 ignored; 0 measured; 0 filtered out; finished in 0.02s

     Running tests/g6_recheck.rs (/tmp/pin-cargo-target/release/deps/g6_recheck-fa9f90fd0df239cd)

running 9 tests
test ascii_needs_no_private_buffer_budget_and_unicode_stays_budgeted ... ok
test early_hits_do_not_hide_invalid_tails_or_analysis_errors ... ok
test input_and_normalized_limits_match_the_reference ... ok
test repeated_calls_and_query_bindings_do_not_retain_document_state ... ok
test unsupported_query_shapes_keep_the_oracle ... ok
test work_accounting_matches_the_oracle_for_first_last_absent_and_empty ... ok
test unicode_normalization_is_not_replaced_by_ascii_folding ... ok
test all_ascii_byte_pairs_preserve_word_boundaries_and_folding ... ok
test deterministic_mixed_documents_match_the_reference ... ok

test result: ok. 9 passed; 0 failed; 0 ignored; 0 measured; 0 filtered out; finished in 0.13s

     Running tests/g7_compaction.rs (/tmp/pin-cargo-target/release/deps/g7_compaction-749c865e6a0ef782)

running 7 tests
test corrupted_sealed_chain_is_rejected_before_publication ... ok
test every_event_failure_recovers_and_interrupted_retirement_keeps_the_prefix ... ok
test dead_prefix_and_suffix_owners_match_copying_and_never_resurrect ... ok
test failures_before_and_after_every_wal_batch_keep_reachable_pages_owned ... ok
test hash_collisions_keep_independent_prefixes_on_one_dictionary_page ... ok
test repeated_small_appends_coalesce_the_sealed_tail ... ok
test retention_preserves_payloads_and_matches_the_copying_reference ... ok

test result: ok. 7 passed; 0 failed; 0 ignored; 0 measured; 0 filtered out; finished in 0.68s

     Running tests/g7_work.rs (/tmp/pin-cargo-target/release/deps/g7_work-84ed0d57f048c913)

running 6 tests
test empty_and_missing_queries_produce_no_work ... ok
test malformed_shared_words_fail_before_work ... ok
test work_is_bounded_and_restart_does_not_reuse_completion ... ok
test removed_owners_do_not_reappear_after_a_claim ... ok
test competing_claims_cover_each_owner_once ... ok
test only_exact_sealed_terms_offer_a_vm_candidate ... ok

test result: ok. 6 passed; 0 failed; 0 ignored; 0 measured; 0 filtered out; finished in 0.14s

     Running tests/publication_model.rs (/tmp/pin-cargo-target/release/deps/publication_model-eb2442245be547b7)

running 5 tests
test active_only_vacuum_has_a_counterexample ... ok
test idempotent_operations_do_not_count_as_coverage ... ok
test checked_model_explores_every_reachable_state ... ok
test publication_requires_both_fragments ... ok
test stale_merge_copy_has_a_counterexample ... ok

test result: ok. 5 passed; 0 failed; 0 ignored; 0 measured; 0 filtered out; finished in 0.00s

     Running unittests src/lib.rs (/tmp/pin-cargo-target/release/deps/pin_kernels-863f08ec2da983d5)

running 0 tests

test result: ok. 0 passed; 0 failed; 0 ignored; 0 measured; 0 filtered out; finished in 0.00s

     Running tests/bitmap.rs (/tmp/pin-cargo-target/release/deps/bitmap-f90417e617f66ddf)

running 3 tests
test exact_allocations_and_identical_inputs_include_every_tail ... ok
test modes_and_every_length_mismatch_fail_before_writes ... ok
test all_vector_alignments_tails_and_densities_match_independent_words ... ok

test result: ok. 3 passed; 0 failed; 0 ignored; 0 measured; 0 filtered out; finished in 0.02s

   Doc-tests pin_core

running 0 tests

test result: ok. 0 passed; 0 failed; 0 ignored; 0 measured; 0 filtered out; finished in 0.00s

   Doc-tests pin_kernels

running 0 tests

test result: ok. 0 passed; 0 failed; 0 ignored; 0 measured; 0 filtered out; finished in 0.00s

