[
  {
    "case": "adjacent",
    "mode": "positions",
    "median_cpu_us": 1696.3992400000002
  },
  {
    "case": "adjacent",
    "mode": "gin_stored",
    "median_cpu_us": 110.431365
  },
  {
    "case": "repeated",
    "mode": "positions",
    "median_cpu_us": 16830.84454
  },
  {
    "case": "repeated",
    "mode": "gin_stored",
    "median_cpu_us": 137.576865
  },
  {
    "case": "nonadjacent",
    "mode": "positions",
    "median_cpu_us": 24103.409885
  },
  {
    "case": "nonadjacent",
    "mode": "gin_stored",
    "median_cpu_us": 210.38556499999999
  }
]
