[
  {
    "case": "adjacent",
    "mode": "positions",
    "median_cpu_us": 1120.35313
  },
  {
    "case": "adjacent",
    "mode": "gin_stored",
    "median_cpu_us": 1007.093895
  },
  {
    "case": "repeated",
    "mode": "positions",
    "median_cpu_us": 1027.72235
  },
  {
    "case": "repeated",
    "mode": "gin_stored",
    "median_cpu_us": 1063.1859450000002
  },
  {
    "case": "nonadjacent",
    "mode": "positions",
    "median_cpu_us": 1660.87603
  },
  {
    "case": "nonadjacent",
    "mode": "gin_stored",
    "median_cpu_us": 1164.547095
  }
]
