[
  {
    "case": "adjacent",
    "mode": "positions",
    "median_cpu_us": 1355.10494
  },
  {
    "case": "adjacent",
    "mode": "gin_stored",
    "median_cpu_us": 1030.906555
  },
  {
    "case": "repeated",
    "mode": "positions",
    "median_cpu_us": 1204.994375
  },
  {
    "case": "repeated",
    "mode": "gin_stored",
    "median_cpu_us": 1066.25863
  },
  {
    "case": "nonadjacent",
    "mode": "positions",
    "median_cpu_us": 1725.487245
  },
  {
    "case": "nonadjacent",
    "mode": "gin_stored",
    "median_cpu_us": 1168.46198
  }
]
