[
  {
    "case": "adjacent",
    "mode": "positions",
    "median_cpu_us": 929.4022399999999
  },
  {
    "case": "adjacent",
    "mode": "gin_stored",
    "median_cpu_us": 126.28147999999999
  },
  {
    "case": "repeated",
    "mode": "positions",
    "median_cpu_us": 915.481145
  },
  {
    "case": "repeated",
    "mode": "gin_stored",
    "median_cpu_us": 130.70328
  },
  {
    "case": "nonadjacent",
    "mode": "positions",
    "median_cpu_us": 10154.419975
  },
  {
    "case": "nonadjacent",
    "mode": "gin_stored",
    "median_cpu_us": 214.143205
  }
]
