[
  {
    "case": "adjacent",
    "mode": "positions",
    "median_cpu_us": 622.10477
  },
  {
    "case": "adjacent",
    "mode": "gin_stored",
    "median_cpu_us": 112.94502499999999
  },
  {
    "case": "repeated",
    "mode": "positions",
    "median_cpu_us": 626.66682
  },
  {
    "case": "repeated",
    "mode": "gin_stored",
    "median_cpu_us": 133.623315
  },
  {
    "case": "nonadjacent",
    "mode": "positions",
    "median_cpu_us": 1550.845175
  },
  {
    "case": "nonadjacent",
    "mode": "gin_stored",
    "median_cpu_us": 203.10939
  }
]
