[
  {
    "case": "adjacent",
    "mode": "positions",
    "median_cpu_us": 1090.4217250000002
  },
  {
    "case": "adjacent",
    "mode": "gin_stored",
    "median_cpu_us": 169.545775
  },
  {
    "case": "repeated",
    "mode": "positions",
    "median_cpu_us": 1093.239635
  },
  {
    "case": "repeated",
    "mode": "gin_stored",
    "median_cpu_us": 180.04375
  },
  {
    "case": "nonadjacent",
    "mode": "positions",
    "median_cpu_us": 17728.917665
  },
  {
    "case": "nonadjacent",
    "mode": "gin_stored",
    "median_cpu_us": 332.75581
  }
]
