[
  {
    "case": "adjacent",
    "mode": "positions",
    "median_cpu_us": 709.45938
  },
  {
    "case": "adjacent",
    "mode": "gin_stored",
    "median_cpu_us": 160.1269
  },
  {
    "case": "repeated",
    "mode": "positions",
    "median_cpu_us": 739.21111
  },
  {
    "case": "repeated",
    "mode": "gin_stored",
    "median_cpu_us": 145.90582
  },
  {
    "case": "nonadjacent",
    "mode": "positions",
    "median_cpu_us": 12577.534055
  },
  {
    "case": "nonadjacent",
    "mode": "gin_stored",
    "median_cpu_us": 278.102565
  }
]
