2026-09-22 18:35:25.690 UTC [142588] LOG:  starting PostgreSQL 18.6 on x86_64-pc-linux-gnu, compiled by gcc (Ubuntu 15.2.0-16ubuntu1) 15.2.0, 64-bit
2026-09-22 18:35:25.690 UTC [142588] LOG:  listening on Unix socket "/tmp/pin-direct-recovery.WaVrKa9V/socket/.s.PGSQL.55484"
2026-09-22 18:35:25.692 UTC [142594] LOG:  database system was shut down at 2026-09-22 18:35:25 UTC
2026-09-22 18:35:25.694 UTC [142588] LOG:  database system is ready to accept connections
2026-09-22 18:35:25.974 UTC [142588] LOG:  received immediate shutdown request
2026-09-22 18:35:25.977 UTC [142588] LOG:  database system is shut down
2026-09-22 18:35:26.093 UTC [142656] LOG:  starting PostgreSQL 18.6 on x86_64-pc-linux-gnu, compiled by gcc (Ubuntu 15.2.0-16ubuntu1) 15.2.0, 64-bit
2026-09-22 18:35:26.093 UTC [142656] LOG:  listening on Unix socket "/tmp/pin-direct-recovery.WaVrKa9V/socket/.s.PGSQL.55484"
2026-09-22 18:35:26.096 UTC [142667] LOG:  database system was interrupted; last known up at 2026-09-22 18:35:25 UTC
2026-09-22 18:35:26.100 UTC [142667] LOG:  database system was not properly shut down; automatic recovery in progress
2026-09-22 18:35:26.100 UTC [142667] LOG:  redo starts at 0/1765D58
2026-09-22 18:35:26.112 UTC [142667] LOG:  invalid record length at 0/1E827C0: expected at least 24, got 0
2026-09-22 18:35:26.112 UTC [142667] LOG:  redo done at 0/1E82798 system usage: CPU: user: 0.00 s, system: 0.00 s, elapsed: 0.01 s
2026-09-22 18:35:26.117 UTC [142664] LOG:  checkpoint starting: end-of-recovery immediate wait
2026-09-22 18:35:26.118 UTC [142664] LOG:  checkpoint complete: wrote 168 buffers (1.0%), wrote 3 SLRU buffers; 0 WAL file(s) added, 0 removed, 0 recycled; write=0.002 s, sync=0.001 s, total=0.002 s; sync files=76, longest=0.001 s, average=0.000 s; distance=7282 kB, estimate=7282 kB; lsn=0/1E827C0, redo lsn=0/1E827C0
2026-09-22 18:35:26.119 UTC [142656] LOG:  database system is ready to accept connections
2026-09-22 18:35:26.206 UTC [142664] LOG:  checkpoint starting: immediate force wait
2026-09-22 18:35:26.207 UTC [142664] LOG:  checkpoint complete: wrote 29 buffers (0.2%), wrote 0 SLRU buffers; 0 WAL file(s) added, 0 removed, 0 recycled; write=0.001 s, sync=0.001 s, total=0.001 s; sync files=11, longest=0.001 s, average=0.000 s; distance=162 kB, estimate=6570 kB; lsn=0/1EAB2F8, redo lsn=0/1EAB2A0
2026-09-22 18:35:26.241 UTC [142656] LOG:  received immediate shutdown request
2026-09-22 18:35:26.244 UTC [142656] LOG:  database system is shut down
