[
  {
    "case": "adjacent",
    "mode": "positions",
    "median_cpu_us": 436.82603
  },
  {
    "case": "adjacent",
    "mode": "gin_stored",
    "median_cpu_us": 123.96797500000001
  },
  {
    "case": "repeated",
    "mode": "positions",
    "median_cpu_us": 416.793805
  },
  {
    "case": "repeated",
    "mode": "gin_stored",
    "median_cpu_us": 122.369665
  },
  {
    "case": "nonadjacent",
    "mode": "positions",
    "median_cpu_us": 1066.04107
  },
  {
    "case": "nonadjacent",
    "mode": "gin_stored",
    "median_cpu_us": 194.951455
  }
]
