[
  {
    "case": "adjacent",
    "mode": "positions",
    "median_cpu_us": 429.186975
  },
  {
    "case": "adjacent",
    "mode": "gin_stored",
    "median_cpu_us": 126.155325
  },
  {
    "case": "repeated",
    "mode": "positions",
    "median_cpu_us": 418.87512
  },
  {
    "case": "repeated",
    "mode": "gin_stored",
    "median_cpu_us": 129.49742500000002
  },
  {
    "case": "nonadjacent",
    "mode": "positions",
    "median_cpu_us": 1100.5858899999998
  },
  {
    "case": "nonadjacent",
    "mode": "gin_stored",
    "median_cpu_us": 209.79917999999998
  }
]
