[
  {
    "case": "adjacent",
    "mode": "positions",
    "median_cpu_us": 641.3477949999999
  },
  {
    "case": "adjacent",
    "mode": "gin_stored",
    "median_cpu_us": 611.11016
  },
  {
    "case": "repeated",
    "mode": "positions",
    "median_cpu_us": 599.5362949999999
  },
  {
    "case": "repeated",
    "mode": "gin_stored",
    "median_cpu_us": 618.2015550000001
  },
  {
    "case": "nonadjacent",
    "mode": "positions",
    "median_cpu_us": 924.661345
  },
  {
    "case": "nonadjacent",
    "mode": "gin_stored",
    "median_cpu_us": 694.4738649999999
  }
]
