[
  {
    "case": "adjacent",
    "mode": "positions",
    "median_cpu_us": 752.7351
  },
  {
    "case": "adjacent",
    "mode": "gin_stored",
    "median_cpu_us": 111.69152
  },
  {
    "case": "repeated",
    "mode": "positions",
    "median_cpu_us": 730.9549
  },
  {
    "case": "repeated",
    "mode": "gin_stored",
    "median_cpu_us": 130.08633
  },
  {
    "case": "nonadjacent",
    "mode": "positions",
    "median_cpu_us": 1651.66461
  },
  {
    "case": "nonadjacent",
    "mode": "gin_stored",
    "median_cpu_us": 193.70856
  }
]
