[
  {
    "case": "adjacent",
    "mode": "positions",
    "median_cpu_us": 659.57617
  },
  {
    "case": "adjacent",
    "mode": "gin_stored",
    "median_cpu_us": 118.98935
  },
  {
    "case": "repeated",
    "mode": "positions",
    "median_cpu_us": 631.6323
  },
  {
    "case": "repeated",
    "mode": "gin_stored",
    "median_cpu_us": 120.285525
  },
  {
    "case": "nonadjacent",
    "mode": "positions",
    "median_cpu_us": 1559.1459
  },
  {
    "case": "nonadjacent",
    "mode": "gin_stored",
    "median_cpu_us": 208.56233
  }
]
