[
  {
    "case": "adjacent",
    "mode": "positions",
    "median_cpu_us": 712.23552
  },
  {
    "case": "adjacent",
    "mode": "gin_stored",
    "median_cpu_us": 612.59256
  },
  {
    "case": "repeated",
    "mode": "positions",
    "median_cpu_us": 639.03282
  },
  {
    "case": "repeated",
    "mode": "gin_stored",
    "median_cpu_us": 629.983315
  },
  {
    "case": "nonadjacent",
    "mode": "positions",
    "median_cpu_us": 973.75171
  },
  {
    "case": "nonadjacent",
    "mode": "gin_stored",
    "median_cpu_us": 693.95262
  }
]
